I'm sorry, but errors were detected in your script. Please correct the
errors listed below, and try again.


File "game/script.rpy", line 104: choice menuitem expects a non-empty block.
    "НУ И ЧТО?!":
                 ^

Ren'Py Version: Ren'Py 7.3.5.606
Mon Nov 09 15:05:13 2020
